// Jest Snapshot v1, https://goo.gl/fbAQLP

exports[`Login matches the snapshot 1`] = `
<body>
  <div>
    <div
      class="MuiBox-root css-1yg6i26"
    >
      <header
        class="MuiPaper-root MuiPaper-elevation MuiPaper-elevation4 MuiAppBar-root MuiAppBar-colorPrimary MuiAppBar-positionStatic css-hip9hq-MuiPaper-root-MuiAppBar-root"
      >
        <div
          class="MuiToolbar-root MuiToolbar-gutters MuiToolbar-regular css-1t29gy6-MuiToolbar-root"
        >
          
          <div
            class="MuiTypography-root MuiTypography-h6 MuiLink-root MuiLink-underlineNone css-1qqbuje-MuiTypography-root-MuiLink-root"
            href="/"
          >
            Hot Ekspresso Travel ✈️
          </div>
          
        </div>
      </header>
      <div
        class="MuiContainer-root MuiContainer-maxWidthLg css-1oqqzyl-MuiContainer-root"
      />
    </div>
  </div>
</body>
`;
